// Jest Snapshot v1, https://goo.gl/fbAQLP

exports[`Indecision component debe de hacer match con el snapshot 1`] = `
<!--v-if-->
<div class="bg-dark"></div>
<div class="indecision-container"><input type="text" placeholder="Hazme una pregunta">
  <p>Recuerdame terminas con un signo de interrogacion (?)</p>
  <!--v-if-->
</div>
`;
